INFO 2025-11-23 17:04:33,046 autoreload Watching for file changes with StatReloader
INFO 2025-11-23 17:06:33,209 autoreload Watching for file changes with StatReloader
INFO 2025-11-23 17:06:39,062 basehttp "GET / HTTP/1.1" 200 29218
INFO 2025-11-23 17:06:39,162 basehttp "GET /static/debug_toolbar/css/toolbar.css HTTP/1.1" 200 30101
INFO 2025-11-23 17:06:39,180 basehttp "GET /static/debug_toolbar/js/toolbar.js HTTP/1.1" 200 14879
INFO 2025-11-23 17:06:39,380 basehttp "GET /static/debug_toolbar/css/print.css HTTP/1.1" 200 43
INFO 2025-11-23 17:06:39,415 basehttp "GET /static/debug_toolbar/js/utils.js HTTP/1.1" 200 4700
WARNING 2025-11-23 17:06:39,592 log Not Found: /favicon.ico
WARNING 2025-11-23 17:06:39,595 basehttp "GET /favicon.ico HTTP/1.1" 404 17446
ERROR 2025-11-23 17:06:45,557 log Internal Server Error: /gestion/personas/
Traceback (most recent call last):
  File "C:\Users\Bocchi\Desktop\obtetric_care-main\obtetric_care-main\venv\Lib\site-packages\django\core\handlers\exception.py", line 55, in inner
    response = get_response(request)
  File "C:\Users\Bocchi\Desktop\obtetric_care-main\obtetric_care-main\venv\Lib\site-packages\django\core\handlers\base.py", line 220, in _get_response
    response = response.render()
  File "C:\Users\Bocchi\Desktop\obtetric_care-main\obtetric_care-main\venv\Lib\site-packages\django\template\response.py", line 114, in render
    self.content = self.rendered_content
                   ^^^^^^^^^^^^^^^^^^^^^
  File "C:\Users\Bocchi\Desktop\obtetric_care-main\obtetric_care-main\venv\Lib\site-packages\django\template\response.py", line 90, in rendered_content
    template = self.resolve_template(self.template_name)
  File "C:\Users\Bocchi\Desktop\obtetric_care-main\obtetric_care-main\venv\Lib\site-packages\django\template\response.py", line 72, in resolve_template
    return select_template(template, using=self.using)
  File "C:\Users\Bocchi\Desktop\obtetric_care-main\obtetric_care-main\venv\Lib\site-packages\django\template\loader.py", line 47, in select_template
    raise TemplateDoesNotExist(", ".join(template_name_list), chain=chain)
django.template.exceptions.TemplateDoesNotExist: Gestion/Data/persona_list.html, gestionApp/persona_list.html
ERROR 2025-11-23 17:06:45,605 basehttp "GET /gestion/personas/ HTTP/1.1" 500 108906
INFO 2025-11-24 00:28:32,480 autoreload Watching for file changes with StatReloader
INFO 2025-11-24 00:28:37,183 basehttp "GET / HTTP/1.1" 200 29218
INFO 2025-11-24 00:28:37,341 basehttp "GET /static/debug_toolbar/css/toolbar.css HTTP/1.1" 304 0
INFO 2025-11-24 00:28:37,342 basehttp "GET /static/debug_toolbar/js/toolbar.js HTTP/1.1" 304 0
INFO 2025-11-24 00:28:37,451 basehttp "GET /static/debug_toolbar/css/print.css HTTP/1.1" 304 0
INFO 2025-11-24 00:28:37,456 basehttp "GET /static/debug_toolbar/js/utils.js HTTP/1.1" 304 0
WARNING 2025-11-24 00:28:37,544 log Not Found: /favicon.ico
WARNING 2025-11-24 00:28:37,544 basehttp "GET /favicon.ico HTTP/1.1" 404 17446
INFO 2025-11-24 00:28:42,202 basehttp "GET /gestion/personas/ HTTP/1.1" 200 25391
ERROR 2025-11-24 00:28:44,167 log Internal Server Error: /gestion/persona/registrar/
Traceback (most recent call last):
  File "C:\Users\Bocchi\Desktop\obtetric_care-alexitorres\venv\Lib\site-packages\django\core\handlers\exception.py", line 55, in inner
    response = get_response(request)
  File "C:\Users\Bocchi\Desktop\obtetric_care-alexitorres\venv\Lib\site-packages\django\core\handlers\base.py", line 197, in _get_response
    response = wrapped_callback(request, *callback_args, **callback_kwargs)
  File "C:\Users\Bocchi\Desktop\obtetric_care-alexitorres\gestionApp\views.py", line 49, in agregar_persona
    form = PersonaForm()
  File "C:\Users\Bocchi\Desktop\obtetric_care-alexitorres\gestionApp\forms\persona_form.py", line 125, in __init__
    self.fields['Observaciones'].required = False
    ~~~~~~~~~~~^^^^^^^^^^^^^^^^^
KeyError: 'Observaciones'
ERROR 2025-11-24 00:28:44,201 basehttp "GET /gestion/persona/registrar/ HTTP/1.1" 500 90699
INFO 2025-11-24 00:28:48,933 basehttp "GET /tens/ HTTP/1.1" 200 27437
INFO 2025-11-24 00:28:50,797 basehttp "GET /tens/buscar-paciente/ HTTP/1.1" 200 25085
